118.184.177.0 - - [10/Nov/2022:07:34:46 +0100] "GET / HTTP/1.1" 200 42364 www.nustart.org "-" "Sogou web spider/4.0(+http://www.sogou.com/docs/help/webmasters.htm#07)" "-"
185.191.171.0 - - [10/Nov/2022:07:49:05 +0100] "GET /public/index.php/creative HTTP/1.1" 200 32369 nustart.org "-" "Mozilla/5.0 (compatible; SemrushBot/7~bl; +http://www.semrush.com/bot.html)" "-"
20.12.191.0 - - [10/Nov/2022:07:56:10 +0100] "GET /images/slide5.png HTTP/1.1" 404 6609 www.nustart.org "http://www.nustart.org/images" "Mozilla/5.0 (X11; Linux x86_64) AppleWebKit/537.36 (KHTML, like Gecko) Chrome/74.0.3729.169 Safari/537.36" "-"
185.191.171.0 - - [10/Nov/2022:08:12:59 +0100] "GET /robots.txt HTTP/1.1" 200 24 nustart.org "-" "Mozilla/5.0 (compatible; SemrushBot/7~bl; +http://www.semrush.com/bot.html)" "-"
185.191.171.0 - - [10/Nov/2022:08:13:00 +0100] "GET /public/index.php/courses HTTP/1.1" 404 6609 nustart.org "-" "Mozilla/5.0 (compatible; SemrushBot/7~bl; +http://www.semrush.com/bot.html)" "-"
185.191.171.0 - - [10/Nov/2022:08:27:46 +0100] "GET /elearning.php HTTP/1.1" 404 6609 nustart.org "-" "Mozilla/5.0 (compatible; SemrushBot/7~bl; +http://www.semrush.com/bot.html)" "-"
42.83.147.0 - - [10/Nov/2022:08:47:22 +0100] "GET / HTTP/1.1" 200 42120 nustart.org "-" "Mozilla/5.0 (Windows NT 6.1; Win64; x64) AppleWebKit/537.36 (KHTML, like Gecko)Chrome/74.0.3729.169 Safari/537.36" "-"
123.125.109.0 - - [10/Nov/2022:08:52:10 +0100] "GET / HTTP/1.1" 200 42364 www.nustart.org "-" "Sogou web spider/4.0(+http://www.sogou.com/docs/help/webmasters.htm#07)" "-"
123.183.224.0 - - [10/Nov/2022:08:57:53 +0100] "GET / HTTP/1.1" 200 42120 nustart.org "-" "Sogou web spider/4.0(+http://www.sogou.com/docs/help/webmasters.htm#07)" "-"
54.36.148.0 - - [10/Nov/2022:08:59:56 +0100] "GET /robots.txt HTTP/1.1" 200 24 nustart.org "-" "Mozilla/5.0 (compatible; AhrefsBot/7.0; +http://ahrefs.com/robot/)" "-"
54.36.148.0 - - [10/Nov/2022:08:59:56 +0100] "GET / HTTP/1.1" 200 42120 nustart.org "-" "Mozilla/5.0 (compatible; AhrefsBot/7.0; +http://ahrefs.com/robot/)" "-"
185.191.171.0 - - [10/Nov/2022:09:28:56 +0100] "GET /robots.txt HTTP/1.1" 200 24 nustart.org "-" "Mozilla/5.0 (compatible; SemrushBot/7~bl; +http://www.semrush.com/bot.html)" "-"
185.191.171.0 - - [10/Nov/2022:09:28:57 +0100] "GET /public/index.php/contactForm HTTP/1.1" 405 575362 nustart.org "-" "Mozilla/5.0 (compatible; SemrushBot/7~bl; +http://www.semrush.com/bot.html)" "-"
123.183.224.0 - - [10/Nov/2022:09:43:15 +0100] "GET / HTTP/1.1" 200 42120 nustart.org "-" "Sogou web spider/4.0(+http://www.sogou.com/docs/help/webmasters.htm#07)" "-"
13.67.224.0 - - [10/Nov/2022:09:58:38 +0100] "GET /images/nustart-logo2.png HTTP/1.1" 200 5375 www.nustart.org "http://www.nustart.org/images" "Mozilla/5.0 (Linux; Android 10; SM-G960U) AppleWebKit/537.36 (KHTML, like Gecko) Chrome/88.0.4324.181 Mobile Safari/537.36" "-"
54.36.148.0 - - [10/Nov/2022:09:59:20 +0100] "GET / HTTP/1.1" 200 42364 www.nustart.org "-" "Mozilla/5.0 (compatible; AhrefsBot/7.0; +http://ahrefs.com/robot/)" "-"
114.119.135.0 - - [10/Nov/2022:10:08:00 +0100] "GET /creative-media-production HTTP/1.1" 200 32577 nustart.org "http://nustart.org/creative" "Mozilla/5.0 (Linux; Android 7.0;) AppleWebKit/537.36 (KHTML, like Gecko) Mobile Safari/537.36 (compatible; PetalBot;+https://webmaster.petalsearch.com/site/petalbot)" "-"
114.119.135.0 - - [10/Nov/2022:10:14:30 +0100] "GET /volunteer HTTP/1.1" 200 35944 www.nustart.org "http://www.nustart.org/mental-health-and-wellbeing" "Mozilla/5.0 (Linux; Android 7.0;) AppleWebKit/537.36 (KHTML, like Gecko) Mobile Safari/537.36 (compatible; PetalBot;+https://webmaster.petalsearch.com/site/petalbot)" "-"
114.119.135.0 - - [10/Nov/2022:10:19:44 +0100] "GET /fundraise-for-us HTTP/1.1" 200 31769 www.nustart.org "http://www.nustart.org/mental-health-and-wellbeing" "Mozilla/5.0 (Linux; Android 7.0;) AppleWebKit/537.36 (KHTML, like Gecko) Mobile Safari/537.36 (compatible; PetalBot;+https://webmaster.petalsearch.com/site/petalbot)" "-"
54.36.149.0 - - [10/Nov/2022:10:20:07 +0100] "GET /contact-us HTTP/1.1" 200 34725 www.nustart.org "-" "Mozilla/5.0 (compatible; AhrefsBot/7.0; +http://ahrefs.com/robot/)" "-"
185.191.171.0 - - [10/Nov/2022:10:24:59 +0100] "GET /robots.txt HTTP/1.1" 200 24 www.nustart.org "-" "Mozilla/5.0 (compatible; SemrushBot/7~bl; +http://www.semrush.com/bot.html)" "-"
185.191.171.0 - - [10/Nov/2022:10:24:59 +0100] "GET /partnerships.php HTTP/1.1" 404 6609 www.nustart.org "-" "Mozilla/5.0 (compatible; SemrushBot/7~bl; +http://www.semrush.com/bot.html)" "-"
114.119.135.0 - - [10/Nov/2022:10:25:00 +0100] "GET /corporate-partnerships HTTP/1.1" 200 33854 www.nustart.org "http://www.nustart.org/mental-health-and-wellbeing" "Mozilla/5.0 (Linux; Android 7.0;) AppleWebKit/537.36 (KHTML, like Gecko) Mobile Safari/537.36 (compatible; PetalBot;+https://webmaster.petalsearch.com/site/petalbot)" "-"
114.119.135.0 - - [10/Nov/2022:10:34:48 +0100] "GET /pdf/UL---NOCN-level-1-Award-in-Progression%20(2).pdf HTTP/1.1" 200 124931 www.nustart.org "http://www.nustart.org/academic.php" "Mozilla/5.0 (Linux; Android 7.0;) AppleWebKit/537.36 (KHTML, like Gecko) Mobile Safari/537.36 (compatible; PetalBot;+https://webmaster.petalsearch.com/site/petalbot)" "-"
54.36.148.0 - - [10/Nov/2022:10:35:39 +0100] "GET /donate HTTP/1.1" 200 31478 www.nustart.org "-" "Mozilla/5.0 (compatible; AhrefsBot/7.0; +http://ahrefs.com/robot/)" "-"
114.119.135.0 - - [10/Nov/2022:10:40:02 +0100] "GET /public/index.php/creative HTTP/1.1" 200 32369 nustart.org "http://nustart.org/public/index.php/the-employability-workplace-skills-programme" "Mozilla/5.0 (Linux; Android 7.0;) AppleWebKit/537.36 (KHTML, like Gecko) Mobile Safari/537.36 (compatible; PetalBot;+https://webmaster.petalsearch.com/site/petalbot)" "-"
52.1.150.0 - - [10/Nov/2022:10:41:15 +0100] "GET / HTTP/1.1" 200 42120 nustart.org "-" "Mozilla/5.0 (Macintosh; Intel Mac OS X 10_12_6) AppleWebKit/537.36 (KHTML, like Gecko) Chrome/61.0.3163.100 Safari/537.36" "-"
220.181.108.0 - - [10/Nov/2022:10:42:20 +0100] "GET /images/home/3-when-I-grow-up-I-want-to-be-Lawyer.jpg HTTP/1.1" 200 256846 www.nustart.org "-" "Mozilla/5.0 (compatible; Baiduspider/2.0; +http://www.baidu.com/search/spider.html)" "-"
220.181.108.0 - - [10/Nov/2022:10:42:20 +0100] "GET /images/home/2-When-I-grow-up-I-want-to-be-Doctor.jpg HTTP/1.1" 200 430317 www.nustart.org "-" "Mozilla/5.0 (compatible; Baiduspider/2.0; +http://www.baidu.com/search/spider.html)" "-"
116.179.33.0 - - [10/Nov/2022:10:42:22 +0100] "GET /robots.txt HTTP/1.1" 200 24 www.nustart.org "-" "Mozilla/5.0 (Windows NT 10.0; WOW64) AppleWebKit/537.36 (KHTML, like Gecko) Chrome/48.0.2564.116 Safari/537.36" "-"
220.181.51.0 - - [10/Nov/2022:10:42:25 +0100] "GET /robots.txt HTTP/1.1" 200 24 www.nustart.org "-" "Mozilla/5.0 (Windows NT 10.0; WOW64) AppleWebKit/537.36 (KHTML, like Gecko) Chrome/48.0.2564.116 Safari/537.36" "-"
116.179.33.0 - - [10/Nov/2022:10:42:37 +0100] "GET /robots.txt HTTP/1.1" 200 24 www.nustart.org "-" "Mozilla/5.0 (Windows NT 10.0; WOW64) AppleWebKit/537.36 (KHTML, like Gecko) Chrome/48.0.2564.116 Safari/537.36" "-"
114.119.135.0 - - [10/Nov/2022:10:45:20 +0100] "GET /pdf/UL--NOCN-Entry-level-Award-in-Progression-(Entry-3)%20(2).pdf HTTP/1.1" 200 66566 nustart.org "http://nustart.org/academic.php" "Mozilla/5.0 (Linux; Android 7.0;) AppleWebKit/537.36 (KHTML, like Gecko) Mobile Safari/537.36 (compatible; PetalBot;+https://webmaster.petalsearch.com/site/petalbot)" "-"
114.119.135.0 - - [10/Nov/2022:10:50:36 +0100] "GET /public/index.php/enterprise HTTP/1.1" 200 36390 nustart.org "http://nustart.org/public/index.php/the-employability-workplace-skills-programme" "Mozilla/5.0 (Linux; Android 7.0;) AppleWebKit/537.36 (KHTML, like Gecko) Mobile Safari/537.36 (compatible; PetalBot;+https://webmaster.petalsearch.com/site/petalbot)" "-"
54.36.148.0 - - [10/Nov/2022:10:50:49 +0100] "GET /news HTTP/1.1" 200 40206 www.nustart.org "-" "Mozilla/5.0 (compatible; AhrefsBot/7.0; +http://ahrefs.com/robot/)" "-"
114.119.135.0 - - [10/Nov/2022:10:55:46 +0100] "GET /public/index.php/training-and-employment HTTP/1.1" 200 35921 nustart.org "http://nustart.org/public/index.php/the-employability-workplace-skills-programme" "Mozilla/5.0 (Linux; Android 7.0;) AppleWebKit/537.36 (KHTML, like Gecko) Mobile Safari/537.36 (compatible; PetalBot;+https://webmaster.petalsearch.com/site/petalbot)" "-"
114.119.135.0 - - [10/Nov/2022:11:00:59 +0100] "GET /public/index.php/creative-media-production HTTP/1.1" 200 33297 nustart.org "http://nustart.org/public/index.php/creative" "Mozilla/5.0 (Linux; Android 7.0;) AppleWebKit/537.36 (KHTML, like Gecko) Mobile Safari/537.36 (compatible; PetalBot;+https://webmaster.petalsearch.com/site/petalbot)" "-"
58.250.125.0 - - [10/Nov/2022:11:16:10 +0100] "GET / HTTP/1.1" 200 42364 www.nustart.org "-" "Sogou web spider/4.0(+http://www.sogou.com/docs/help/webmasters.htm#07)" "-"
157.55.39.0 - - [10/Nov/2022:11:19:59 +0100] "GET /staff HTTP/1.1" 200 33164 nustart.org "-" "Mozilla/5.0 (compatible; bingbot/2.0; +http://www.bing.com/bingbot.htm)" "-"
157.55.39.0 - - [10/Nov/2022:11:20:18 +0100] "GET /js/plugins-jquery.js HTTP/1.1" 200 425307 nustart.org "-" "Mozilla/5.0 (compatible; bingbot/2.0; +http://www.bing.com/bingbot.htm)" "-"
207.46.13.0 - - [10/Nov/2022:11:20:22 +0100] "GET /revolution/js/jquery.themepunch.revolution.min.js HTTP/1.1" 200 64792 nustart.org "-" "Mozilla/5.0 (compatible; bingbot/2.0; +http://www.bing.com/bingbot.htm)" "-"
207.46.13.0 - - [10/Nov/2022:11:20:22 +0100] "GET /revolution/js/extensions/revolution.extension.migration.min.js HTTP/1.1" 200 26101 nustart.org "-" "Mozilla/5.0 (compatible; bingbot/2.0; +http://www.bing.com/bingbot.htm)" "-"
207.46.13.0 - - [10/Nov/2022:11:20:23 +0100] "GET /revolution/js/jquery.themepunch.tools.min.js HTTP/1.1" 200 110563 nustart.org "-" "Mozilla/5.0 AppleWebKit/537.36 (KHTML, like Gecko; compatible; bingbot/2.0; +http://www.bing.com/bingbot.htm) Chrome/103.0.5060.134 Safari/537.36" "-"
207.46.13.0 - - [10/Nov/2022:11:20:28 +0100] "GET /css/plugins/font-awesome.min.css HTTP/1.1" 200 31018 nustart.org "-" "Mozilla/5.0 AppleWebKit/537.36 (KHTML, like Gecko; compatible; bingbot/2.0; +http://www.bing.com/bingbot.htm) Chrome/103.0.5060.134 Safari/537.36" "-"
207.46.13.0 - - [10/Nov/2022:11:20:37 +0100] "GET /css/plugins/fullcalendar.css HTTP/1.1" 200 34106 nustart.org "-" "Mozilla/5.0 AppleWebKit/537.36 (KHTML, like Gecko; compatible; bingbot/2.0; +http://www.bing.com/bingbot.htm) Chrome/103.0.5060.134 Safari/537.36" "-"
207.46.13.0 - - [10/Nov/2022:11:20:37 +0100] "GET /revolution/js/extensions/revolution.extension.kenburn.min.js HTTP/1.1" 200 3754 nustart.org "-" "Mozilla/5.0 AppleWebKit/537.36 (KHTML, like Gecko; compatible; bingbot/2.0; +http://www.bing.com/bingbot.htm) Chrome/103.0.5060.134 Safari/537.36" "-"
207.46.13.0 - - [10/Nov/2022:11:20:37 +0100] "GET /revolution/js/revolution.addon.typewriter.min.js HTTP/1.1" 200 7385 nustart.org "-" "Mozilla/5.0 (compatible; bingbot/2.0; +http://www.bing.com/bingbot.htm)" "-"
207.46.13.0 - - [10/Nov/2022:11:20:51 +0100] "GET /css/responsive.css HTTP/1.1" 200 110248 nustart.org "-" "Mozilla/5.0 AppleWebKit/537.36 (KHTML, like Gecko; compatible; bingbot/2.0; +http://www.bing.com/bingbot.htm) Chrome/103.0.5060.134 Safari/537.36" "-"
207.46.13.0 - - [10/Nov/2022:11:20:51 +0100] "GET /css/shortcodes/shortcodes.css HTTP/1.1" 200 1146 nustart.org "-" "Mozilla/5.0 (compatible; bingbot/2.0; +http://www.bing.com/bingbot.htm)" "-"
40.77.189.0 - - [10/Nov/2022:11:36:15 +0100] "GET /css/shortcodes/action-box.css HTTP/1.1" 200 2274 nustart.org "-" "Mozilla/5.0 (Windows NT 6.1; WOW64) AppleWebKit/534+ (KHTML, like Gecko) BingPreview/1.0b" "-"
40.77.189.0 - - [10/Nov/2022:11:36:15 +0100] "GET /css/shortcodes/countdown.css HTTP/1.1" 200 1825 nustart.org "-" "Mozilla/5.0 (Windows NT 6.1; WOW64) AppleWebKit/534+ (KHTML, like Gecko) BingPreview/1.0b" "-"
40.77.189.0 - - [10/Nov/2022:11:36:15 +0100] "GET /css/shortcodes/counter.css HTTP/1.1" 200 1950 nustart.org "-" "Mozilla/5.0 (Windows NT 6.1; WOW64) AppleWebKit/534+ (KHTML, like Gecko) BingPreview/1.0b" "-"
40.77.190.0 - - [10/Nov/2022:11:36:15 +0100] "GET /css/shortcodes/divider.css HTTP/1.1" 200 1532 nustart.org "-" "Mozilla/5.0 (Windows NT 6.1; WOW64) AppleWebKit/534+ (KHTML, like Gecko) BingPreview/1.0b" "-"
40.77.188.0 - - [10/Nov/2022:11:36:16 +0100] "GET /css/shortcodes/nice-select.css HTTP/1.1" 200 3796 nustart.org "-" "Mozilla/5.0 (Windows NT 6.1; WOW64) AppleWebKit/534+ (KHTML, like Gecko) BingPreview/1.0b" "-"
40.77.190.0 - - [10/Nov/2022:11:36:16 +0100] "GET /css/shortcodes/pricing.css HTTP/1.1" 200 5701 nustart.org "-" "Mozilla/5.0 (Windows NT 6.1; WOW64) AppleWebKit/534+ (KHTML, like Gecko) BingPreview/1.0b" "-"
40.77.188.0 - - [10/Nov/2022:11:36:16 +0100] "GET /css/shortcodes/progress-bar.css HTTP/1.1" 200 1810 nustart.org "-" "Mozilla/5.0 (Windows NT 6.1; WOW64) AppleWebKit/534+ (KHTML, like Gecko) BingPreview/1.0b" "-"
40.77.188.0 - - [10/Nov/2022:11:36:17 +0100] "GET /css/shortcodes/social-icons.css HTTP/1.1" 200 9376 nustart.org "-" "Mozilla/5.0 (Windows NT 6.1; WOW64) AppleWebKit/534+ (KHTML, like Gecko) BingPreview/1.0b" "-"
40.77.188.0 - - [10/Nov/2022:11:36:17 +0100] "GET /css/shortcodes/side-panel.css HTTP/1.1" 200 24534 nustart.org "-" "Mozilla/5.0 (Windows NT 6.1; WOW64) AppleWebKit/534+ (KHTML, like Gecko) BingPreview/1.0b" "-"
40.77.188.0 - - [10/Nov/2022:11:36:18 +0100] "GET /js/owl-carousel/owl-carousel.min.js HTTP/1.1" 200 42772 nustart.org "-" "Mozilla/5.0 (Windows NT 6.1; WOW64) AppleWebKit/534+ (KHTML, like Gecko) BingPreview/1.0b" "-"
40.77.190.0 - - [10/Nov/2022:11:36:18 +0100] "GET /js/nicescroll/jquery.nicescroll.js HTTP/1.1" 200 60010 nustart.org "-" "Mozilla/5.0 (Windows NT 6.1; WOW64) AppleWebKit/534+ (KHTML, like Gecko) BingPreview/1.0b" "-"
184.154.139.0 - - [10/Nov/2022:11:47:28 +0100] "GET / HTTP/1.1" 200 42364 www.nustart.org "http://www.google.com/url?url=www.nustart.org&yahoo.com" "Mozilla/5.0 (compatible; MSIE 9.0; Windows NT 6.1; WOW64; Trident/6.0)" "-"
184.154.139.0 - - [10/Nov/2022:11:47:32 +0100] "GET /th1s_1s_a_4o4.html HTTP/1.1" 404 6609 www.nustart.org "http://www.google.com/url?url=www.nustart.org&yahoo.com" "Mozilla/5.0 (compatible; MSIE 9.0; Windows NT 6.1; WOW64; Trident/6.0)" "-"
184.154.139.0 - - [10/Nov/2022:11:47:32 +0100] "GET /revolution/js/revolution-custom.js HTTP/1.1" 200 50616 www.nustart.org "http://www.google.com/url?url=www.nustart.org&yahoo.com" "Mozilla/5.0 (compatible; MSIE 9.0; Windows NT 6.1; WOW64; Trident/6.0)" "-"
184.154.139.0 - - [10/Nov/2022:11:47:35 +0100] "GET /css/typography.css HTTP/1.1" 200 13474 www.nustart.org "http://www.google.com/url?url=www.nustart.org&yahoo.com" "Mozilla/5.0 (compatible; MSIE 9.0; Windows NT 6.1; WOW64; Trident/6.0)" "-"
184.154.139.0 - - [10/Nov/2022:11:47:36 +0100] "GET /revolution/js/extensions/revolution.extension.migration.min.js HTTP/1.1" 200 26101 www.nustart.org "http://www.google.com/url?url=www.nustart.org&yahoo.com" "Mozilla/5.0 (compatible; MSIE 9.0; Windows NT 6.1; WOW64; Trident/6.0)" "-"
184.154.139.0 - - [10/Nov/2022:11:47:37 +0100] "GET /revolution/js/extensions/revolution.extension.layeranimation.min.js HTTP/1.1" 200 56000 www.nustart.org "-" "SiteLockSpider [en] (WinNT; I ;Nav)" "-"
184.154.139.0 - - [10/Nov/2022:11:47:39 +0100] "GET /volunteer HTTP/1.1" 200 35944 www.nustart.org "-" "SiteLockSpider [en] (WinNT; I ;Nav)" "-"
184.154.139.0 - - [10/Nov/2022:11:47:44 +0100] "GET /academic HTTP/1.1" 200 32915 www.nustart.org "-" "SiteLockSpider [en] (WinNT; I ;Nav)" "-"
184.154.139.0 - - [10/Nov/2022:11:47:47 +0100] "GET /revolution/js/extensions/revolution.extension.slideanims.min.js HTTP/1.1" 200 29401 www.nustart.org "-" "SiteLockSpider [en] (WinNT; I ;Nav)" "-"
184.154.139.0 - - [10/Nov/2022:11:47:48 +0100] "GET /enterprise HTTP/1.1" 200 35910 www.nustart.org "-" "SiteLockSpider [en] (WinNT; I ;Nav)" "-"
54.36.148.0 - - [10/Nov/2022:11:54:51 +0100] "GET /corporate-partnerships HTTP/1.1" 200 33854 www.nustart.org "-" "Mozilla/5.0 (compatible; AhrefsBot/7.0; +http://ahrefs.com/robot/)" "-"
54.36.149.0 - - [10/Nov/2022:11:54:58 +0100] "GET /js/jquery-3.3.1.min.js HTTP/1.1" 200 86927 www.nustart.org "-" "Mozilla/5.0 (compatible; AhrefsBot/7.0; +http://ahrefs.com/robot/)" "-"
54.36.149.0 - - [10/Nov/2022:11:55:04 +0100] "GET /js/custom.js HTTP/1.1" 200 43258 www.nustart.org "-" "Mozilla/5.0 (compatible; AhrefsBot/7.0; +http://ahrefs.com/robot/)" "-"
54.36.149.0 - - [10/Nov/2022:11:55:08 +0100] "GET /js/plugins-jquery.js HTTP/1.1" 200 425307 www.nustart.org "-" "Mozilla/5.0 (compatible; AhrefsBot/7.0; +http://ahrefs.com/robot/)" "-"
54.36.148.0 - - [10/Nov/2022:11:55:11 +0100] "GET /revolution/js/extensions/revolution.extension.parallax.min.js HTTP/1.1" 200 10931 www.nustart.org "-" "Mozilla/5.0 (compatible; AhrefsBot/7.0; +http://ahrefs.com/robot/)" "-"
54.36.149.0 - - [10/Nov/2022:11:55:15 +0100] "GET /revolution/css/settings.css HTTP/1.1" 200 30072 www.nustart.org "-" "Mozilla/5.0 (compatible; AhrefsBot/7.0; +http://ahrefs.com/robot/)" "-"
54.36.148.0 - - [10/Nov/2022:11:55:21 +0100] "GET /images/partnerships/new-1/LCM%20Logo%20copy.png HTTP/1.1" 200 176353 www.nustart.org "-" "Mozilla/5.0 (compatible; AhrefsBot/7.0; +http://ahrefs.com/robot/)" "-"
54.36.149.0 - - [10/Nov/2022:11:55:28 +0100] "GET /images/services/1-%20When%20I%20grow%20up%20I%20want%20to%20be%20a%20Doctor.jpg HTTP/1.1" 200 342118 www.nustart.org "-" "Mozilla/5.0 (compatible; AhrefsBot/7.0; +http://ahrefs.com/robot/)" "-"
54.36.149.0 - - [10/Nov/2022:11:55:35 +0100] "GET /revolution/js/extensions/revolution.extension.layeranimation.min.js HTTP/1.1" 200 56000 www.nustart.org "-" "Mozilla/5.0 (compatible; AhrefsBot/7.0; +http://ahrefs.com/robot/)" "-"
54.36.148.0 - - [10/Nov/2022:11:55:39 +0100] "GET /images/partnerships/new-1/Default%20Logo%20copy.png HTTP/1.1" 200 14102 www.nustart.org "-" "Mozilla/5.0 (compatible; AhrefsBot/7.0; +http://ahrefs.com/robot/)" "-"
54.36.148.0 - - [10/Nov/2022:11:55:45 +0100] "GET /images/partnerships/new-1/digital-white-background.png HTTP/1.1" 200 38553 www.nustart.org "-" "Mozilla/5.0 (compatible; AhrefsBot/7.0; +http://ahrefs.com/robot/)" "-"
54.36.149.0 - - [10/Nov/2022:11:55:52 +0100] "GET /revolution/js/extensions/revolution.extension.slideanims.min.js HTTP/1.1" 200 29401 www.nustart.org "-" "Mozilla/5.0 (compatible; AhrefsBot/7.0; +http://ahrefs.com/robot/)" "-"
54.36.149.0 - - [10/Nov/2022:11:55:59 +0100] "GET /revolution/js/extensions/revolution.extension.carousel.min.js HTTP/1.1" 200 7607 www.nustart.org "-" "Mozilla/5.0 (compatible; AhrefsBot/7.0; +http://ahrefs.com/robot/)" "-"
54.36.148.0 - - [10/Nov/2022:11:56:02 +0100] "GET /css/responsive.css HTTP/1.1" 200 110248 www.nustart.org "-" "Mozilla/5.0 (compatible; AhrefsBot/7.0; +http://ahrefs.com/robot/)" "-"
54.36.148.0 - - [10/Nov/2022:11:56:06 +0100] "GET /images/nu-start-new-logo.png HTTP/1.1" 200 14844 www.nustart.org "-" "Mozilla/5.0 (compatible; AhrefsBot/7.0; +http://ahrefs.com/robot/)" "-"
54.36.149.0 - - [10/Nov/2022:11:56:10 +0100] "GET /revolution/js/extensions/revolution.extension.migration.min.js HTTP/1.1" 200 26101 www.nustart.org "-" "Mozilla/5.0 (compatible; AhrefsBot/7.0; +http://ahrefs.com/robot/)" "-"
54.36.148.0 - - [10/Nov/2022:11:56:13 +0100] "GET /css/typography.css HTTP/1.1" 200 13474 www.nustart.org "-" "Mozilla/5.0 (compatible; AhrefsBot/7.0; +http://ahrefs.com/robot/)" "-"
54.36.148.0 - - [10/Nov/2022:11:56:17 +0100] "GET /css/style.css HTTP/1.1" 200 186337 www.nustart.org "-" "Mozilla/5.0 (compatible; AhrefsBot/7.0; +http://ahrefs.com/robot/)" "-"
54.36.148.0 - - [10/Nov/2022:11:56:24 +0100] "GET /images/services/2-When-I-grow-up-I-want-to-be-Entrepreneur.jpg HTTP/1.1" 200 164877 www.nustart.org "-" "Mozilla/5.0 (compatible; AhrefsBot/7.0; +http://ahrefs.com/robot/)" "-"
54.36.148.0 - - [10/Nov/2022:11:56:31 +0100] "GET /images/partnerships/new-1/The_Prince_s_Trust-Logo.png HTTP/1.1" 200 161894 www.nustart.org "-" "Mozilla/5.0 (compatible; AhrefsBot/7.0; +http://ahrefs.com/robot/)" "-"
54.36.149.0 - - [10/Nov/2022:11:56:38 +0100] "GET /revolution/js/jquery.themepunch.revolution.min.js HTTP/1.1" 200 64792 www.nustart.org "-" "Mozilla/5.0 (compatible; AhrefsBot/7.0; +http://ahrefs.com/robot/)" "-"
54.36.148.0 - - [10/Nov/2022:11:56:41 +0100] "GET /images/services/3-When-I-grow-up-I-want-to-be-a-Journalist.jpg HTTP/1.1" 200 277151 www.nustart.org "-" "Mozilla/5.0 (compatible; AhrefsBot/7.0; +http://ahrefs.com/robot/)" "-"
54.36.148.0 - - [10/Nov/2022:11:56:45 +0100] "GET /images/partnerships/new-1/Genesis.png HTTP/1.1" 200 51345 www.nustart.org "-" "Mozilla/5.0 (compatible; AhrefsBot/7.0; +http://ahrefs.com/robot/)" "-"
54.36.148.0 - - [10/Nov/2022:11:56:52 +0100] "GET /revolution/js/jquery.themepunch.tools.min.js HTTP/1.1" 200 110563 www.nustart.org "-" "Mozilla/5.0 (compatible; AhrefsBot/7.0; +http://ahrefs.com/robot/)" "-"
54.36.148.0 - - [10/Nov/2022:11:56:55 +0100] "GET /css/shortcodes/shortcodes.css HTTP/1.1" 200 1146 www.nustart.org "-" "Mozilla/5.0 (compatible; AhrefsBot/7.0; +http://ahrefs.com/robot/)" "-"
54.36.148.0 - - [10/Nov/2022:11:56:56 +0100] "GET /revolution/js/extensions/revolution.extension.video.min.js HTTP/1.1" 200 24866 www.nustart.org "-" "Mozilla/5.0 (compatible; AhrefsBot/7.0; +http://ahrefs.com/robot/)" "-"
54.36.148.0 - - [10/Nov/2022:11:57:03 +0100] "GET /css/plugins-css.css HTTP/1.1" 200 836 www.nustart.org "-" "Mozilla/5.0 (compatible; AhrefsBot/7.0; +http://ahrefs.com/robot/)" "-"
54.36.148.0 - - [10/Nov/2022:11:57:03 +0100] "GET /images/partnerships/new-1/Lb_ealing_logo.svg.png HTTP/1.1" 200 70795 www.nustart.org "-" "Mozilla/5.0 (compatible; AhrefsBot/7.0; +http://ahrefs.com/robot/)" "-"
54.36.148.0 - - [10/Nov/2022:11:57:10 +0100] "GET /revolution/css/rev-slider-arrow.css HTTP/1.1" 200 147965 www.nustart.org "-" "Mozilla/5.0 (compatible; AhrefsBot/7.0; +http://ahrefs.com/robot/)" "-"
54.36.148.0 - - [10/Nov/2022:11:57:25 +0100] "GET /revolution/js/extensions/revolution.extension.navigation.min.js HTTP/1.1" 200 26101 www.nustart.org "-" "Mozilla/5.0 (compatible; AhrefsBot/7.0; +http://ahrefs.com/robot/)" "-"
54.36.149.0 - - [10/Nov/2022:11:57:31 +0100] "GET /images/partnerships/new-1/london-borough-of-hounslow.png HTTP/1.1" 200 172507 www.nustart.org "-" "Mozilla/5.0 (compatible; AhrefsBot/7.0; +http://ahrefs.com/robot/)" "-"
54.36.148.0 - - [10/Nov/2022:11:57:35 +0100] "GET /revolution/js/revolution.addon.typewriter.min.js HTTP/1.1" 200 7385 www.nustart.org "-" "Mozilla/5.0 (compatible; AhrefsBot/7.0; +http://ahrefs.com/robot/)" "-"
54.36.148.0 - - [10/Nov/2022:11:57:39 +0100] "GET /revolution/js/revolution-custom.js HTTP/1.1" 200 50616 www.nustart.org "-" "Mozilla/5.0 (compatible; AhrefsBot/7.0; +http://ahrefs.com/robot/)" "-"
54.36.148.0 - - [10/Nov/2022:11:57:42 +0100] "GET /revolution/js/extensions/revolution.extension.actions.min.js HTTP/1.1" 200 8287 www.nustart.org "-" "Mozilla/5.0 (compatible; AhrefsBot/7.0; +http://ahrefs.com/robot/)" "-"
54.36.148.0 - - [10/Nov/2022:11:57:46 +0100] "GET /images/partnerships/new-1/Brent%20logo.png HTTP/1.1" 200 187497 www.nustart.org "-" "Mozilla/5.0 (compatible; AhrefsBot/7.0; +http://ahrefs.com/robot/)" "-"
54.36.148.0 - - [10/Nov/2022:11:57:58 +0100] "GET /images/partnerships/new-1/OCN-London-Logo.png HTTP/1.1" 200 84450 www.nustart.org "-" "Mozilla/5.0 (compatible; AhrefsBot/7.0; +http://ahrefs.com/robot/)" "-"
54.36.148.0 - - [10/Nov/2022:11:58:03 +0100] "GET /images/partnerships/new-1/logo_barnet.jpg HTTP/1.1" 200 198663 www.nustart.org "-" "Mozilla/5.0 (compatible; AhrefsBot/7.0; +http://ahrefs.com/robot/)" "-"
54.36.149.0 - - [10/Nov/2022:11:58:11 +0100] "GET /images/corporate-partners.png HTTP/1.1" 200 565658 www.nustart.org "-" "Mozilla/5.0 (compatible; AhrefsBot/7.0; +http://ahrefs.com/robot/)" "-"
54.36.149.0 - - [10/Nov/2022:11:58:18 +0100] "GET /revolution/js/extensions/revolution.extension.kenburn.min.js HTTP/1.1" 200 3754 www.nustart.org "-" "Mozilla/5.0 (compatible; AhrefsBot/7.0; +http://ahrefs.com/robot/)" "-"
207.46.13.0 - - [10/Nov/2022:11:59:35 +0100] "GET /images/team/Delroy.jpg HTTP/1.1" 200 2381 nustart.org "-" "Mozilla/5.0 (compatible; bingbot/2.0; +http://www.bing.com/bingbot.htm)" "-"
20.29.110.0 - - [10/Nov/2022:12:00:32 +0100] "GET /images/team/Elly.jpg HTTP/1.1" 200 2962 nustart.org "http://nustart.org/images/team" "Mozilla/5.0 (Macintosh; Intel Mac OS X 10_11_6) AppleWebKit/605.1.15 (KHTML, like Gecko) Version/11.1.2 Safari/605.1.15" "-"
54.36.149.0 - - [10/Nov/2022:12:27:19 +0100] "GET /counselling HTTP/1.1" 200 36554 www.nustart.org "-" "Mozilla/5.0 (compatible; AhrefsBot/7.0; +http://ahrefs.com/robot/)" "-"
185.191.171.0 - - [10/Nov/2022:12:36:48 +0100] "GET /robots.txt HTTP/1.1" 200 24 www.nustart.org "-" "Mozilla/5.0 (compatible; SemrushBot/7~bl; +http://www.semrush.com/bot.html)" "-"
185.191.171.0 - - [10/Nov/2022:12:36:48 +0100] "GET /what.php HTTP/1.1" 404 6609 www.nustart.org "-" "Mozilla/5.0 (compatible; SemrushBot/7~bl; +http://www.semrush.com/bot.html)" "-"
185.191.171.0 - - [10/Nov/2022:12:41:59 +0100] "GET /robots.txt HTTP/1.1" 200 24 nustart.org "-" "Mozilla/5.0 (compatible; SemrushBot/7~bl; +http://www.semrush.com/bot.html)" "-"
185.191.171.0 - - [10/Nov/2022:12:41:59 +0100] "GET /mission.php HTTP/1.1" 404 6609 nustart.org "-" "Mozilla/5.0 (compatible; SemrushBot/7~bl; +http://www.semrush.com/bot.html)" "-"
49.7.21.0 - - [10/Nov/2022:12:42:26 +0100] "GET / HTTP/1.1" 200 42120 nustart.org "-" "Sogou web spider/4.0(+http://www.sogou.com/docs/help/webmasters.htm#07)" "-"
114.119.135.0 - - [10/Nov/2022:12:44:35 +0100] "GET /public/index.php/news HTTP/1.1" 200 40755 nustart.org "http://nustart.org/public/index.php/the-employability-workplace-skills-programme" "Mozilla/5.0 (Linux; Android 7.0;) AppleWebKit/537.36 (KHTML, like Gecko) Mobile Safari/537.36 (compatible; PetalBot;+https://webmaster.petalsearch.com/site/petalbot)" "-"
20.29.110.0 - - [10/Nov/2022:12:46:06 +0100] "GET /images/clients/African-Families-Support-Services.jpg HTTP/1.1" 200 28552 nustart.org "http://nustart.org/images/clients" "Mozilla/5.0 (Windows NT 10.0; Win64; x64) AppleWebKit/537.36 (KHTML, like Gecko) Chrome/74.0.3729.157 Safari/537.36" "-"
49.7.21.0 - - [10/Nov/2022:12:48:28 +0100] "GET / HTTP/1.1" 200 42120 nustart.org "-" "Sogou web spider/4.0(+http://www.sogou.com/docs/help/webmasters.htm#07)" "-"
49.7.21.0 - - [10/Nov/2022:12:53:42 +0100] "GET / HTTP/1.1" 200 42120 nustart.org "-" "Sogou web spider/4.0(+http://www.sogou.com/docs/help/webmasters.htm#07)" "-"
54.36.148.0 - - [10/Nov/2022:12:56:42 +0100] "GET /elearning HTTP/1.1" 200 30445 www.nustart.org "-" "Mozilla/5.0 (compatible; AhrefsBot/7.0; +http://ahrefs.com/robot/)" "-"
49.7.21.0 - - [10/Nov/2022:12:57:04 +0100] "GET / HTTP/1.1" 200 42120 nustart.org "-" "Sogou web spider/4.0(+http://www.sogou.com/docs/help/webmasters.htm#07)" "-"
49.7.21.0 - - [10/Nov/2022:12:58:43 +0100] "GET / HTTP/1.1" 200 42120 nustart.org "-" "Sogou web spider/4.0(+http://www.sogou.com/docs/help/webmasters.htm#07)" "-"
49.7.21.0 - - [10/Nov/2022:13:02:07 +0100] "GET / HTTP/1.1" 200 42120 nustart.org "-" "Sogou web spider/4.0(+http://www.sogou.com/docs/help/webmasters.htm#07)" "-"
54.36.149.0 - - [10/Nov/2022:13:02:19 +0100] "GET /enterprise HTTP/1.1" 200 35910 www.nustart.org "-" "Mozilla/5.0 (compatible; AhrefsBot/7.0; +http://ahrefs.com/robot/)" "-"
49.7.21.0 - - [10/Nov/2022:13:05:30 +0100] "GET / HTTP/1.1" 200 42120 nustart.org "-" "Sogou web spider/4.0(+http://www.sogou.com/docs/help/webmasters.htm#07)" "-"
54.36.148.0 - - [10/Nov/2022:13:08:00 +0100] "GET /fundraise-for-us HTTP/1.1" 200 31769 www.nustart.org "-" "Mozilla/5.0 (compatible; AhrefsBot/7.0; +http://ahrefs.com/robot/)" "-"
59.111.227.0 - - [10/Nov/2022:13:11:55 +0100] "GET / HTTP/1.1" 200 42364 www.nustart.org "-" "Mozilla/5.0 (Macintosh; Intel Mac OS X 10_15_7) AppleWebKit/537.36 (KHTML, like Gecko) Chrome/99.0.4844.83 Safari/537.36" "-"
54.36.148.0 - - [10/Nov/2022:13:13:34 +0100] "GET /mission-objectives HTTP/1.1" 200 32947 www.nustart.org "-" "Mozilla/5.0 (compatible; AhrefsBot/7.0; +http://ahrefs.com/robot/)" "-"
193.115.209.0 - - [10/Nov/2022:13:17:04 +0100] "GET / HTTP/1.1" 200 42364 www.nustart.org "https://www.google.com/" "Mozilla/5.0 (Windows NT 10.0; Win64; x64) AppleWebKit/537.36 (KHTML, like Gecko) Chrome/107.0.0.0 Safari/537.36" "-"
193.115.209.0 - - [10/Nov/2022:13:17:04 +0100] "GET /css/plugins-css.css HTTP/1.1" 200 836 www.nustart.org "http://www.nustart.org/" "Mozilla/5.0 (Windows NT 10.0; Win64; x64) AppleWebKit/537.36 (KHTML, like Gecko) Chrome/107.0.0.0 Safari/537.36" "-"
193.115.209.0 - - [10/Nov/2022:13:17:04 +0100] "GET /revolution/css/settings.css HTTP/1.1" 200 30072 www.nustart.org "http://www.nustart.org/" "Mozilla/5.0 (Windows NT 10.0; Win64; x64) AppleWebKit/537.36 (KHTML, like Gecko) Chrome/107.0.0.0 Safari/537.36" "-"
193.115.209.0 - - [10/Nov/2022:13:17:04 +0100] "GET /css/responsive.css HTTP/1.1" 200 110248 www.nustart.org "http://www.nustart.org/" "Mozilla/5.0 (Windows NT 10.0; Win64; x64) AppleWebKit/537.36 (KHTML, like Gecko) Chrome/107.0.0.0 Safari/537.36" "-"
193.115.209.0 - - [10/Nov/2022:13:17:04 +0100] "GET /revolution/css/rev-slider-arrow.css HTTP/1.1" 200 147965 www.nustart.org "http://www.nustart.org/" "Mozilla/5.0 (Windows NT 10.0; Win64; x64) AppleWebKit/537.36 (KHTML, like Gecko) Chrome/107.0.0.0 Safari/537.36" "-"
193.115.209.0 - - [10/Nov/2022:13:17:04 +0100] "GET /css/typography.css HTTP/1.1" 200 13474 www.nustart.org "http://www.nustart.org/" "Mozilla/5.0 (Windows NT 10.0; Win64; x64) AppleWebKit/537.36 (KHTML, like Gecko) Chrome/107.0.0.0 Safari/537.36" "-"
193.115.209.0 - - [10/Nov/2022:13:17:04 +0100] "GET /css/shortcodes/shortcodes.css HTTP/1.1" 200 1146 www.nustart.org "http://www.nustart.org/" "Mozilla/5.0 (Windows NT 10.0; Win64; x64) AppleWebKit/537.36 (KHTML, like Gecko) Chrome/107.0.0.0 Safari/537.36" "-"
193.115.209.0 - - [10/Nov/2022:13:17:04 +0100] "GET /css/style.css HTTP/1.1" 200 186337 www.nustart.org "http://www.nustart.org/" "Mozilla/5.0 (Windows NT 10.0; Win64; x64) AppleWebKit/537.36 (KHTML, like Gecko) Chrome/107.0.0.0 Safari/537.36" "-"
193.115.209.0 - - [10/Nov/2022:13:17:04 +0100] "GET /images/nu-start-new-logo.png HTTP/1.1" 200 14844 www.nustart.org "http://www.nustart.org/" "Mozilla/5.0 (Windows NT 10.0; Win64; x64) AppleWebKit/537.36 (KHTML, like Gecko) Chrome/107.0.0.0 Safari/537.36" "-"
193.115.209.0 - - [10/Nov/2022:13:17:04 +0100] "GET /revolution/sliders-img/Promoting-Education.jpeg HTTP/1.1" 200 284155 www.nustart.org "http://www.nustart.org/" "Mozilla/5.0 (Windows NT 10.0; Win64; x64) AppleWebKit/537.36 (KHTML, like Gecko) Chrome/107.0.0.0 Safari/537.36" "-"
193.115.209.0 - - [10/Nov/2022:13:17:04 +0100] "GET /revolution/sliders-img/supporting-the-media-industry.jpg HTTP/1.1" 200 79637 www.nustart.org "http://www.nustart.org/" "Mozilla/5.0 (Windows NT 10.0; Win64; x64) AppleWebKit/537.36 (KHTML, like Gecko) Chrome/107.0.0.0 Safari/537.36" "-"
193.115.209.0 - - [10/Nov/2022:13:17:04 +0100] "GET /revolution/sliders-img/creating-positive.jpeg HTTP/1.1" 200 456305 www.nustart.org "http://www.nustart.org/" "Mozilla/5.0 (Windows NT 10.0; Win64; x64) AppleWebKit/537.36 (KHTML, like Gecko) Chrome/107.0.0.0 Safari/537.36" "-"
193.115.209.0 - - [10/Nov/2022:13:17:04 +0100] "GET /revolution/sliders-img/Supporting-the%20Contruction-Industry.jpg HTTP/1.1" 200 1898700 www.nustart.org "http://www.nustart.org/" "Mozilla/5.0 (Windows NT 10.0; Win64; x64) AppleWebKit/537.36 (KHTML, like Gecko) Chrome/107.0.0.0 Safari/537.36" "-"
193.115.209.0 - - [10/Nov/2022:13:17:04 +0100] "GET /images/home/1-when-I-grow-up-I-want-to-be-Prime-Minister.jpg HTTP/1.1" 200 386326 www.nustart.org "http://www.nustart.org/" "Mozilla/5.0 (Windows NT 10.0; Win64; x64) AppleWebKit/537.36 (KHTML, like Gecko) Chrome/107.0.0.0 Safari/537.36" "-"
193.115.209.0 - - [10/Nov/2022:13:17:04 +0100] "GET /images/home/2-When-I-grow-up-I-want-to-be-Doctor.jpg HTTP/1.1" 200 430317 www.nustart.org "http://www.nustart.org/" "Mozilla/5.0 (Windows NT 10.0; Win64; x64) AppleWebKit/537.36 (KHTML, like Gecko) Chrome/107.0.0.0 Safari/537.36" "-"
193.115.209.0 - - [10/Nov/2022:13:17:04 +0100] "GET /images/home/3-when-I-grow-up-I-want-to-be-Lawyer.jpg HTTP/1.1" 200 256846 www.nustart.org "http://www.nustart.org/" "Mozilla/5.0 (Windows NT 10.0; Win64; x64) AppleWebKit/537.36 (KHTML, like Gecko) Chrome/107.0.0.0 Safari/537.36" "-"
193.115.209.0 - - [10/Nov/2022:13:17:04 +0100] "GET /images/partnerships/new-1/Brent%20logo.png HTTP/1.1" 200 187497 www.nustart.org "http://www.nustart.org/" "Mozilla/5.0 (Windows NT 10.0; Win64; x64) AppleWebKit/537.36 (KHTML, like Gecko) Chrome/107.0.0.0 Safari/537.36" "-"
193.115.209.0 - - [10/Nov/2022:13:17:04 +0100] "GET /images/partnerships/new-1/cropped-abiblue-1.png HTTP/1.1" 200 5623 www.nustart.org "http://www.nustart.org/" "Mozilla/5.0 (Windows NT 10.0; Win64; x64) AppleWebKit/537.36 (KHTML, like Gecko) Chrome/107.0.0.0 Safari/537.36" "-"
193.115.209.0 - - [10/Nov/2022:13:17:04 +0100] "GET /images/partnerships/new-1/Default%20Logo%20copy.png HTTP/1.1" 200 14102 www.nustart.org "http://www.nustart.org/" "Mozilla/5.0 (Windows NT 10.0; Win64; x64) AppleWebKit/537.36 (KHTML, like Gecko) Chrome/107.0.0.0 Safari/537.36" "-"
193.115.209.0 - - [10/Nov/2022:13:17:04 +0100] "GET /images/partnerships/new-1/Genesis.png HTTP/1.1" 200 51345 www.nustart.org "http://www.nustart.org/" "Mozilla/5.0 (Windows NT 10.0; Win64; x64) AppleWebKit/537.36 (KHTML, like Gecko) Chrome/107.0.0.0 Safari/537.36" "-"
193.115.209.0 - - [10/Nov/2022:13:17:04 +0100] "GET /images/partnerships/new-1/digital-white-background.png HTTP/1.1" 200 38553 www.nustart.org "http://www.nustart.org/" "Mozilla/5.0 (Windows NT 10.0; Win64; x64) AppleWebKit/537.36 (KHTML, like Gecko) Chrome/107.0.0.0 Safari/537.36" "-"
193.115.209.0 - - [10/Nov/2022:13:17:04 +0100] "GET /images/partnerships/new-1/Lb_ealing_logo.svg.png HTTP/1.1" 200 70795 www.nustart.org "http://www.nustart.org/" "Mozilla/5.0 (Windows NT 10.0; Win64; x64) AppleWebKit/537.36 (KHTML, like Gecko) Chrome/107.0.0.0 Safari/537.36" "-"
193.115.209.0 - - [10/Nov/2022:13:17:04 +0100] "GET /images/partnerships/new-1/logo_barnet.jpg HTTP/1.1" 200 198663 www.nustart.org "http://www.nustart.org/" "Mozilla/5.0 (Windows NT 10.0; Win64; x64) AppleWebKit/537.36 (KHTML, like Gecko) Chrome/107.0.0.0 Safari/537.36" "-"
193.115.209.0 - - [10/Nov/2022:13:17:04 +0100] "GET /images/partnerships/new-1/LCM%20Logo%20copy.png HTTP/1.1" 200 176353 www.nustart.org "http://www.nustart.org/" "Mozilla/5.0 (Windows NT 10.0; Win64; x64) AppleWebKit/537.36 (KHTML, like Gecko) Chrome/107.0.0.0 Safari/537.36" "-"
193.115.209.0 - - [10/Nov/2022:13:17:04 +0100] "GET /images/partnerships/new-1/OCN-London-Logo.png HTTP/1.1" 200 84450 www.nustart.org "http://www.nustart.org/" "Mozilla/5.0 (Windows NT 10.0; Win64; x64) AppleWebKit/537.36 (KHTML, like Gecko) Chrome/107.0.0.0 Safari/537.36" "-"
193.115.209.0 - - [10/Nov/2022:13:17:04 +0100] "GET /images/partnerships/new-1/london-borough-of-hounslow.png HTTP/1.1" 200 172507 www.nustart.org "http://www.nustart.org/" "Mozilla/5.0 (Windows NT 10.0; Win64; x64) AppleWebKit/537.36 (KHTML, like Gecko) Chrome/107.0.0.0 Safari/537.36" "-"
193.115.209.0 - - [10/Nov/2022:13:17:04 +0100] "GET /images/partnerships/new-1/The_Prince_s_Trust-Logo.png HTTP/1.1" 200 161894 www.nustart.org "http://www.nustart.org/" "Mozilla/5.0 (Windows NT 10.0; Win64; x64) AppleWebKit/537.36 (KHTML, like Gecko) Chrome/107.0.0.0 Safari/537.36" "-"
193.115.209.0 - - [10/Nov/2022:13:17:04 +0100] "GET /js/jquery-3.3.1.min.js HTTP/1.1" 200 86927 www.nustart.org "http://www.nustart.org/" "Mozilla/5.0 (Windows NT 10.0; Win64; x64) AppleWebKit/537.36 (KHTML, like Gecko) Chrome/107.0.0.0 Safari/537.36" "-"
193.115.209.0 - - [10/Nov/2022:13:17:04 +0100] "GET /js/plugins-jquery.js HTTP/1.1" 200 425307 www.nustart.org "http://www.nustart.org/" "Mozilla/5.0 (Windows NT 10.0; Win64; x64) AppleWebKit/537.36 (KHTML, like Gecko) Chrome/107.0.0.0 Safari/537.36" "-"
193.115.209.0 - - [10/Nov/2022:13:17:04 +0100] "GET /js/custom.js HTTP/1.1" 200 43258 www.nustart.org "http://www.nustart.org/" "Mozilla/5.0 (Windows NT 10.0; Win64; x64) AppleWebKit/537.36 (KHTML, like Gecko) Chrome/107.0.0.0 Safari/537.36" "-"
193.115.209.0 - - [10/Nov/2022:13:17:05 +0100] "GET /revolution/js/jquery.themepunch.revolution.min.js HTTP/1.1" 200 64792 www.nustart.org "http://www.nustart.org/" "Mozilla/5.0 (Windows NT 10.0; Win64; x64) AppleWebKit/537.36 (KHTML, like Gecko) Chrome/107.0.0.0 Safari/537.36" "-"
193.115.209.0 - - [10/Nov/2022:13:17:05 +0100] "GET /revolution/js/jquery.themepunch.tools.min.js HTTP/1.1" 200 110563 www.nustart.org "http://www.nustart.org/" "Mozilla/5.0 (Windows NT 10.0; Win64; x64) AppleWebKit/537.36 (KHTML, like Gecko) Chrome/107.0.0.0 Safari/537.36" "-"
193.115.209.0 - - [10/Nov/2022:13:17:05 +0100] "GET /revolution/js/extensions/revolution.extension.actions.min.js HTTP/1.1" 200 8287 www.nustart.org "http://www.nustart.org/" "Mozilla/5.0 (Windows NT 10.0; Win64; x64) AppleWebKit/537.36 (KHTML, like Gecko) Chrome/107.0.0.0 Safari/537.36" "-"
193.115.209.0 - - [10/Nov/2022:13:17:05 +0100] "GET /revolution/js/extensions/revolution.extension.kenburn.min.js HTTP/1.1" 200 3754 www.nustart.org "http://www.nustart.org/" "Mozilla/5.0 (Windows NT 10.0; Win64; x64) AppleWebKit/537.36 (KHTML, like Gecko) Chrome/107.0.0.0 Safari/537.36" "-"
193.115.209.0 - - [10/Nov/2022:13:17:05 +0100] "GET /revolution/js/extensions/revolution.extension.carousel.min.js HTTP/1.1" 200 7607 www.nustart.org "http://www.nustart.org/" "Mozilla/5.0 (Windows NT 10.0; Win64; x64) AppleWebKit/537.36 (KHTML, like Gecko) Chrome/107.0.0.0 Safari/537.36" "-"
193.115.209.0 - - [10/Nov/2022:13:17:05 +0100] "GET /revolution/js/extensions/revolution.extension.layeranimation.min.js HTTP/1.1" 200 56000 www.nustart.org "http://www.nustart.org/" "Mozilla/5.0 (Windows NT 10.0; Win64; x64) AppleWebKit/537.36 (KHTML, like Gecko) Chrome/107.0.0.0 Safari/537.36" "-"
193.115.209.0 - - [10/Nov/2022:13:17:05 +0100] "GET /revolution/js/extensions/revolution.extension.migration.min.js HTTP/1.1" 200 26101 www.nustart.org "http://www.nustart.org/" "Mozilla/5.0 (Windows NT 10.0; Win64; x64) AppleWebKit/537.36 (KHTML, like Gecko) Chrome/107.0.0.0 Safari/537.36" "-"
193.115.209.0 - - [10/Nov/2022:13:17:05 +0100] "GET /revolution/js/extensions/revolution.extension.navigation.min.js HTTP/1.1" 200 26101 www.nustart.org "http://www.nustart.org/" "Mozilla/5.0 (Windows NT 10.0; Win64; x64) AppleWebKit/537.36 (KHTML, like Gecko) Chrome/107.0.0.0 Safari/537.36" "-"
193.115.209.0 - - [10/Nov/2022:13:17:05 +0100] "GET /revolution/js/extensions/revolution.extension.parallax.min.js HTTP/1.1" 200 10931 www.nustart.org "http://www.nustart.org/" "Mozilla/5.0 (Windows NT 10.0; Win64; x64) AppleWebKit/537.36 (KHTML, like Gecko) Chrome/107.0.0.0 Safari/537.36" "-"
193.115.209.0 - - [10/Nov/2022:13:17:05 +0100] "GET /revolution/js/extensions/revolution.extension.slideanims.min.js HTTP/1.1" 200 29401 www.nustart.org "http://www.nustart.org/" "Mozilla/5.0 (Windows NT 10.0; Win64; x64) AppleWebKit/537.36 (KHTML, like Gecko) Chrome/107.0.0.0 Safari/537.36" "-"
193.115.209.0 - - [10/Nov/2022:13:17:05 +0100] "GET /revolution/js/extensions/revolution.extension.video.min.js HTTP/1.1" 200 24866 www.nustart.org "http://www.nustart.org/" "Mozilla/5.0 (Windows NT 10.0; Win64; x64) AppleWebKit/537.36 (KHTML, like Gecko) Chrome/107.0.0.0 Safari/537.36" "-"
193.115.209.0 - - [10/Nov/2022:13:17:05 +0100] "GET /revolution/js/revolution.addon.typewriter.min.js HTTP/1.1" 200 7385 www.nustart.org "http://www.nustart.org/" "Mozilla/5.0 (Windows NT 10.0; Win64; x64) AppleWebKit/537.36 (KHTML, like Gecko) Chrome/107.0.0.0 Safari/537.36" "-"
193.115.209.0 - - [10/Nov/2022:13:17:05 +0100] "GET /revolution/js/revolution-custom.js HTTP/1.1" 200 50616 www.nustart.org "http://www.nustart.org/" "Mozilla/5.0 (Windows NT 10.0; Win64; x64) AppleWebKit/537.36 (KHTML, like Gecko) Chrome/107.0.0.0 Safari/537.36" "-"
193.115.209.0 - - [10/Nov/2022:13:17:05 +0100] "GET /favicon.ico HTTP/1.1" 200 - www.nustart.org "http://www.nustart.org/" "Mozilla/5.0 (Windows NT 10.0; Win64; x64) AppleWebKit/537.36 (KHTML, like Gecko) Chrome/107.0.0.0 Safari/537.36" "-"
54.36.148.0 - - [10/Nov/2022:13:19:08 +0100] "GET /our-impact HTTP/1.1" 200 32583 www.nustart.org "-" "Mozilla/5.0 (compatible; AhrefsBot/7.0; +http://ahrefs.com/robot/)" "-"
54.36.148.0 - - [10/Nov/2022:13:24:45 +0100] "GET /staff HTTP/1.1" 200 33412 www.nustart.org "-" "Mozilla/5.0 (compatible; AhrefsBot/7.0; +http://ahrefs.com/robot/)" "-"
54.36.149.0 - - [10/Nov/2022:13:30:10 +0100] "GET /support-our-work HTTP/1.1" 200 31722 www.nustart.org "-" "Mozilla/5.0 (compatible; AhrefsBot/7.0; +http://ahrefs.com/robot/)" "-"
185.191.171.0 - - [10/Nov/2022:13:33:34 +0100] "GET /film.php HTTP/1.1" 404 6609 nustart.org "-" "Mozilla/5.0 (compatible; SemrushBot/7~bl; +http://www.semrush.com/bot.html)" "-"
54.36.148.0 - - [10/Nov/2022:13:35:31 +0100] "GET /trade HTTP/1.1" 200 30480 www.nustart.org "-" "Mozilla/5.0 (compatible; AhrefsBot/7.0; +http://ahrefs.com/robot/)" "-"
54.36.149.0 - - [10/Nov/2022:13:41:07 +0100] "GET /education HTTP/1.1" 200 33706 www.nustart.org "-" "Mozilla/5.0 (compatible; AhrefsBot/7.0; +http://ahrefs.com/robot/)" "-"
17.121.115.0 - - [10/Nov/2022:13:42:51 +0100] "GET /robots.txt HTTP/1.1" 200 24 nustart.org "-" "Mozilla/5.0 (Macintosh; Intel Mac OS X 10_15_5) AppleWebKit/605.1.15 (KHTML, like Gecko) Version/13.1.1 Safari/605.1.15 (Applebot/0.1; +http://www.apple.com/go/applebot)" "-"
17.121.115.0 - - [10/Nov/2022:13:42:51 +0100] "GET /index.php HTTP/1.1" 200 42857 nustart.org "-" "Mozilla/5.0 (Macintosh; Intel Mac OS X 10_15_5) AppleWebKit/605.1.15 (KHTML, like Gecko) Version/13.1.1 Safari/605.1.15 (Applebot/0.1; +http://www.apple.com/go/applebot)" "-"
35.88.116.0 - - [10/Nov/2022:13:44:09 +0100] "GET / HTTP/1.1" 200 42120 nustart.org "-" "Mozilla/5.0 (Windows NT 10.0; Win64; x64)AppleWebKit/537.36 (KHTML, like Gecko) Chrome/66.0.3359.181 Safari/537.36" "-"
40.77.51.0 - - [10/Nov/2022:14:02:49 +0100] "GET /images/young_singer.png HTTP/1.1" 404 6609 nustart.org "http://nustart.org/images" "Mozilla/5.0 (Windows NT 10.0; Win64; x64) AppleWebKit/537.36 (KHTML, like Gecko) Chrome/74.0.3729.157 Safari/537.36" "-"
66.249.66.0 - - [10/Nov/2022:14:06:39 +0100] "GET /robots.txt HTTP/1.1" 200 24 nustart.org "-" "Mozilla/5.0 (compatible; Googlebot/2.1; +http://www.google.com/bot.html)" "-"
66.249.66.0 - - [10/Nov/2022:14:06:39 +0100] "GET /favicon.ico HTTP/1.1" 200 - nustart.org "-" "Googlebot-Image/1.0" "-"
220.181.108.0 - - [10/Nov/2022:14:13:41 +0100] "GET /pdf/UL---NOCN-level-1-Award-in-Progression%20(2).pdf HTTP/1.1" 304 - nustart.org "-" "Mozilla/5.0 (compatible; Baiduspider/2.0; +http://www.baidu.com/search/spider.html)" "-"
220.181.51.0 - - [10/Nov/2022:14:13:43 +0100] "GET /robots.txt HTTP/1.1" 200 24 nustart.org "-" "Mozilla/5.0 (Windows NT 10.0; WOW64) AppleWebKit/537.36 (KHTML, like Gecko) Chrome/48.0.2564.116 Safari/537.36" "-"
220.181.51.0 - - [10/Nov/2022:14:13:58 +0100] "GET /robots.txt HTTP/1.1" 200 24 nustart.org "-" "Mozilla/5.0 (Windows NT 10.0; WOW64) AppleWebKit/537.36 (KHTML, like Gecko) Chrome/48.0.2564.116 Safari/537.36" "-"
185.191.171.0 - - [10/Nov/2022:14:30:14 +0100] "GET /robots.txt HTTP/1.1" 200 24 www.nustart.org "-" "Mozilla/5.0 (compatible; SemrushBot/7~bl; +http://www.semrush.com/bot.html)" "-"
185.191.171.0 - - [10/Nov/2022:14:30:15 +0100] "GET /donate.php HTTP/1.1" 404 6609 www.nustart.org "-" "Mozilla/5.0 (compatible; SemrushBot/7~bl; +http://www.semrush.com/bot.html)" "-"
51.222.253.0 - - [10/Nov/2022:14:30:29 +0100] "GET /robots.txt HTTP/1.1" 200 24 www.nustart.org "-" "Mozilla/5.0 (compatible; AhrefsBot/7.0; +http://ahrefs.com/robot/)" "-"
54.36.149.0 - - [10/Nov/2022:14:30:30 +0100] "GET /training-and-employment HTTP/1.1" 200 35441 www.nustart.org "-" "Mozilla/5.0 (compatible; AhrefsBot/7.0; +http://ahrefs.com/robot/)" "-"
54.36.149.0 - - [10/Nov/2022:14:44:11 +0100] "GET /volunteer HTTP/1.1" 200 35944 www.nustart.org "-" "Mozilla/5.0 (compatible; AhrefsBot/7.0; +http://ahrefs.com/robot/)" "-"
